// Jest Snapshot v1, https://goo.gl/fbAQLP

exports[`PasswordHints matches snapshot 1`] = `
<div>
  <ul
    class="sc-bdnxRM brYapi"
    data-testid="password-hints"
  >
    <li
      class="sc-gtsrHT bAJNsp"
    >
      1 uppercase
    </li>
    <li
      class="sc-gtsrHT bAJNsp"
    >
      1 lowercase character
    </li>
    <li
      class="sc-gtsrHT bAJNsp"
    >
      1 number
    </li>
    <li
      class="sc-gtsrHT bAJNsp"
    >
      1 non-alpha-numeric character
    </li>
    <li
      class="sc-gtsrHT bAJNsp"
    >
      with no space
    </li>
    <li
      class="sc-gtsrHT bAJNsp"
    >
      8 characters minimum long
    </li>
  </ul>
</div>
`;
