// Jest Snapshot v1, https://goo.gl/fbAQLP

exports[`OrderDisclaimer matches snapshot 1`] = `
<div>
  <div
    class="ant-row ant-row-center ant-row-middle sc-eCApnc kPSWDl"
  >
    <div
      class="ant-col ant-col-xs-24 ant-col-md-22 ant-col-lg-20"
    >
      <h4
        class="ant-typography sc-hKFxyN fVNkBq"
      >
        orderDisclaimer.title
      </h4>
      <div
        class="ant-alert ant-alert-warning ant-alert-with-description sc-bdnxRM giZtJW"
        data-show="true"
        role="alert"
      >
        <span
          aria-label="exclamation-circle"
          class="anticon anticon-exclamation-circle ant-alert-icon"
          role="img"
        >
          <svg
            aria-hidden="true"
            data-icon="exclamation-circle"
            fill="currentColor"
            focusable="false"
            height="1em"
            viewBox="64 64 896 896"
            width="1em"
          >
            <path
              d="M512 64C264.6 64 64 264.6 64 512s200.6 448 448 448 448-200.6 448-448S759.4 64 512 64zm0 820c-205.4 0-372-166.6-372-372s166.6-372 372-372 372 166.6 372 372-166.6 372-372 372z"
            />
            <path
              d="M464 688a48 48 0 1096 0 48 48 0 10-96 0zm24-112h48c4.4 0 8-3.6 8-8V296c0-4.4-3.6-8-8-8h-48c-4.4 0-8 3.6-8 8v272c0 4.4 3.6 8 8 8z"
            />
          </svg>
        </span>
        <div
          class="ant-alert-content"
        >
          <div
            class="ant-alert-message"
          >
            <span
              class="sc-gtsrHT bwNXOn"
            >
              orderDisclaimer.disclaimerTitle
            </span>
          </div>
          <div
            class="ant-alert-description"
          >
            orderDisclaimer.disclaimerParagraph
          </div>
        </div>
      </div>
      <div
        class="sc-jSFjdj gymRGT"
      >
        <button
          class="ant-btn ant-btn-primary ant-btn-lg sc-gKAaRy pZYOi"
          data-testid="consent-button"
          type="button"
        >
          <span
            class="sc-dlnjwi jsqGlf"
          >
            orderDisclaimer.actionButton
          </span>
        </button>
      </div>
    </div>
  </div>
</div>
`;
