// Jest Snapshot v1, https://goo.gl/fbAQLP

exports[`Loading matches snapshot 1`] = `
<div>
  <div
    class="sc-bdnxRM gWCkoE"
    data-testid="loading-overlay"
  >
    <div
      class="ant-spin ant-spin-lg ant-spin-spinning"
    >
      <span
        class="ant-spin-dot ant-spin-dot-spin"
      >
        <i
          class="ant-spin-dot-item"
        />
        <i
          class="ant-spin-dot-item"
        />
        <i
          class="ant-spin-dot-item"
        />
        <i
          class="ant-spin-dot-item"
        />
      </span>
    </div>
  </div>
</div>
`;
